// Jest Snapshot v1, https://goo.gl/fbAQLP

exports[`NextPreviousButtons component handles continue button clicks 1`] = `
<div>
  <div
    className="next-prev-button-left hidden-button"
  >
    <Button
      component="button"
      type="button"
    >
      &lt; Previous
    </Button>
    <div
      className="next-prev-section"
    >
      Key State Personnel
    </div>
  </div>
  <div
    className="next-prev-button-right hidden-button"
    next-hidden={false}
  >
    <div
      className="next-button"
    >
      <Button
        component="button"
        type="button"
        variation="primary"
      >
        Continue &gt;
      </Button>
    </div>
    <div
      className="next-section next-prev-section"
    >
      Program Summary
    </div>
  </div>
</div>
`;

exports[`NextPreviousButtons component handles previous button clicks 1`] = `
<div>
  <div
    className="next-prev-button-left hidden-button"
  >
    <Button
      component="button"
      type="button"
    >
      &lt; Previous
    </Button>
    <div
      className="next-prev-section"
    >
      Key State Personnel
    </div>
  </div>
  <div
    className="next-prev-button-right hidden-button"
    next-hidden={false}
  >
    <div
      className="next-button"
    >
      <Button
        component="button"
        type="button"
        variation="primary"
      >
        Continue &gt;
      </Button>
    </div>
    <div
      className="next-section next-prev-section"
    >
      Program Summary
    </div>
  </div>
</div>
`;

exports[`NextPreviousButtons component renders correctly 1`] = `
<div>
  <div
    className="next-prev-button-left hidden-button"
  >
    <Button
      component="button"
      type="button"
    >
      &lt; Previous
    </Button>
    <div
      className="next-prev-section"
    >
      Key State Personnel
    </div>
  </div>
  <div
    className="next-prev-button-right hidden-button"
    next-hidden={false}
  >
    <div
      className="next-button"
    >
      <Button
        component="button"
        type="button"
        variation="primary"
      >
        Continue &gt;
      </Button>
    </div>
    <div
      className="next-section next-prev-section"
    >
      Program Summary
    </div>
  </div>
</div>
`;
