// Jest Snapshot v1, https://goo.gl/fbAQLP

exports[`PercentField component renders correctly 1`] = `
<PercentField
  className="stuff"
  label="test label"
  name="test name"
  onChange={[MockFunction]}
  size="medium"
  value="123"
>
  <NumberField
    className="stuff"
    fieldref={
      Object {
        "current": null,
      }
    }
    label="test label"
    mask={null}
    min={null}
    name="test name"
    onBlur={null}
    onChange={[MockFunction]}
    round={false}
    size="medium"
    value="123"
  >
    <TextField
      className="stuff"
      fieldref={
        Object {
          "current": null,
        }
      }
      label="test label"
      mask={null}
      name="test name"
      onBlur={[Function]}
      onChange={[Function]}
      size="medium"
      type="text"
      value="123"
    >
      <FormControl
        className="ds-u-clearfix stuff"
        component="div"
        label="test label"
        labelComponent="label"
        render={[Function]}
      >
        <div
          className="ds-u-clearfix stuff"
        >
          <FormLabel
            component="label"
            errorId="field_1-error"
            fieldId="field_1"
            id="field_1-label"
          >
            <label
              className="ds-c-label"
              htmlFor="field_1"
              id="field_1-label"
            >
              <span
                className=""
              >
                test label
              </span>
            </label>
          </FormLabel>
          <TextInput
            errorId="field_1-error"
            errorPlacement="top"
            fieldref={
              Object {
                "current": null,
              }
            }
            id="field_1"
            name="test name"
            onBlur={[Function]}
            onChange={[Function]}
            setRef={[Function]}
            size="medium"
            type="text"
            value="123"
          >
            <input
              aria-invalid={false}
              className="ds-c-field ds-c-field--medium"
              fieldref={
                Object {
                  "current": null,
                }
              }
              id="field_1"
              name="test name"
              onBlur={[Function]}
              onChange={[Function]}
              type="text"
              value="123"
            />
          </TextInput>
        </div>
      </FormControl>
    </TextField>
  </NumberField>
</PercentField>
`;
