// Jest Snapshot v1, https://goo.gl/fbAQLP

exports[`the Activities details container component renders correctly 1`] = `
ShallowWrapper {
  "length": 1,
  Symbol(enzyme.__root__): [Circular],
  Symbol(enzyme.__unrendered__): <ActivityDetailAll
    aId="activity-id"
    expanded={false}
    num={3}
    removeActivity={[Function]}
    title="Activity title"
    toggleSection={[Function]}
  />,
  Symbol(enzyme.__renderer__): Object {
    "batchedUpdates": [Function],
    "getNode": [Function],
    "render": [Function],
    "simulateEvent": [Function],
    "unmount": [Function],
  },
  Symbol(enzyme.__node__): Object {
    "instance": null,
    "key": undefined,
    "nodeType": "class",
    "props": Object {
      "bgColor": "blue-light",
      "btnBgColor": "blue-bright",
      "btnColor": "white",
      "children": Array [
        Array [
          <Connect(ActivityDetailDescription)
            aId="activity-id"
          />,
          <Connect(ActivityDetailGoals)
            aId="activity-id"
          />,
          <Connect(ActivityDetailSchedule)
            aId="activity-id"
          />,
          <Connect(ActivityDetailStatePersonnel)
            aId="activity-id"
          />,
          <Connect(ActivityDetailContractorExpenses)
            aId="activity-id"
          />,
          <Connect(ActivityDetailExpenses)
            aId="activity-id"
          />,
          <Connect(ActivityDetailCostAllocate)
            aId="activity-id"
          />,
          <Connect(ActivityDetailStandardsAndConditions)
            aId="activity-id"
          />,
        ],
        <DeleteButton
          className={null}
          remove={[Function]}
          resource="activities.delete"
        />,
      ],
      "id": "activity-activity-id",
      "onChange": [Function],
      "open": false,
      "sticky": true,
      "title": "Activity title",
    },
    "ref": null,
    "rendered": Array [
      Object {
        "instance": null,
        "key": "0",
        "nodeType": "class",
        "props": Object {
          "aId": "activity-id",
        },
        "ref": null,
        "rendered": null,
        "type": [Function],
      },
      Object {
        "instance": null,
        "key": "1",
        "nodeType": "class",
        "props": Object {
          "aId": "activity-id",
        },
        "ref": null,
        "rendered": null,
        "type": [Function],
      },
      Object {
        "instance": null,
        "key": "2",
        "nodeType": "class",
        "props": Object {
          "aId": "activity-id",
        },
        "ref": null,
        "rendered": null,
        "type": [Function],
      },
      Object {
        "instance": null,
        "key": "3",
        "nodeType": "class",
        "props": Object {
          "aId": "activity-id",
        },
        "ref": null,
        "rendered": null,
        "type": [Function],
      },
      Object {
        "instance": null,
        "key": "4",
        "nodeType": "class",
        "props": Object {
          "aId": "activity-id",
        },
        "ref": null,
        "rendered": null,
        "type": [Function],
      },
      Object {
        "instance": null,
        "key": "5",
        "nodeType": "class",
        "props": Object {
          "aId": "activity-id",
        },
        "ref": null,
        "rendered": null,
        "type": [Function],
      },
      Object {
        "instance": null,
        "key": "6",
        "nodeType": "class",
        "props": Object {
          "aId": "activity-id",
        },
        "ref": null,
        "rendered": null,
        "type": [Function],
      },
      Object {
        "instance": null,
        "key": "7",
        "nodeType": "class",
        "props": Object {
          "aId": "activity-id",
        },
        "ref": null,
        "rendered": null,
        "type": [Function],
      },
      Object {
        "instance": null,
        "key": undefined,
        "nodeType": "class",
        "props": Object {
          "className": null,
          "remove": [Function],
          "resource": "activities.delete",
        },
        "ref": null,
        "rendered": null,
        "type": [Function],
      },
    ],
    "type": [Function],
  },
  Symbol(enzyme.__nodes__): Array [
    Object {
      "instance": null,
      "key": undefined,
      "nodeType": "class",
      "props": Object {
        "bgColor": "blue-light",
        "btnBgColor": "blue-bright",
        "btnColor": "white",
        "children": Array [
          Array [
            <Connect(ActivityDetailDescription)
              aId="activity-id"
            />,
            <Connect(ActivityDetailGoals)
              aId="activity-id"
            />,
            <Connect(ActivityDetailSchedule)
              aId="activity-id"
            />,
            <Connect(ActivityDetailStatePersonnel)
              aId="activity-id"
            />,
            <Connect(ActivityDetailContractorExpenses)
              aId="activity-id"
            />,
            <Connect(ActivityDetailExpenses)
              aId="activity-id"
            />,
            <Connect(ActivityDetailCostAllocate)
              aId="activity-id"
            />,
            <Connect(ActivityDetailStandardsAndConditions)
              aId="activity-id"
            />,
          ],
          <DeleteButton
            className={null}
            remove={[Function]}
            resource="activities.delete"
          />,
        ],
        "id": "activity-activity-id",
        "onChange": [Function],
        "open": false,
        "sticky": true,
        "title": "Activity title",
      },
      "ref": null,
      "rendered": Array [
        Object {
          "instance": null,
          "key": "0",
          "nodeType": "class",
          "props": Object {
            "aId": "activity-id",
          },
          "ref": null,
          "rendered": null,
          "type": [Function],
        },
        Object {
          "instance": null,
          "key": "1",
          "nodeType": "class",
          "props": Object {
            "aId": "activity-id",
          },
          "ref": null,
          "rendered": null,
          "type": [Function],
        },
        Object {
          "instance": null,
          "key": "2",
          "nodeType": "class",
          "props": Object {
            "aId": "activity-id",
          },
          "ref": null,
          "rendered": null,
          "type": [Function],
        },
        Object {
          "instance": null,
          "key": "3",
          "nodeType": "class",
          "props": Object {
            "aId": "activity-id",
          },
          "ref": null,
          "rendered": null,
          "type": [Function],
        },
        Object {
          "instance": null,
          "key": "4",
          "nodeType": "class",
          "props": Object {
            "aId": "activity-id",
          },
          "ref": null,
          "rendered": null,
          "type": [Function],
        },
        Object {
          "instance": null,
          "key": "5",
          "nodeType": "class",
          "props": Object {
            "aId": "activity-id",
          },
          "ref": null,
          "rendered": null,
          "type": [Function],
        },
        Object {
          "instance": null,
          "key": "6",
          "nodeType": "class",
          "props": Object {
            "aId": "activity-id",
          },
          "ref": null,
          "rendered": null,
          "type": [Function],
        },
        Object {
          "instance": null,
          "key": "7",
          "nodeType": "class",
          "props": Object {
            "aId": "activity-id",
          },
          "ref": null,
          "rendered": null,
          "type": [Function],
        },
        Object {
          "instance": null,
          "key": undefined,
          "nodeType": "class",
          "props": Object {
            "className": null,
            "remove": [Function],
            "resource": "activities.delete",
          },
          "ref": null,
          "rendered": null,
          "type": [Function],
        },
      ],
      "type": [Function],
    },
  ],
  Symbol(enzyme.__options__): Object {
    "adapter": ReactSixteenAdapter {
      "options": Object {
        "enableComponentDidUpdateOnSetState": true,
      },
    },
  },
}
`;
