// Jest Snapshot v1, https://goo.gl/fbAQLP

exports[`incentive payments component renders correctly 1`] = `
<Fragment>
  <table
    className="budget-table"
  >
    <caption
      className="ds-u-visibility--screen-reader"
    >
      FFY 1
    </caption>
    <thead>
      <tr>
        <th>
          <span
            aria-hidden="true"
          >
            FFY 1
          </span>
        </th>
        <th
          className="ds-u-text-align--right"
          key="1"
          scope="col"
        >
          Q1
        </th>
        <th
          className="ds-u-text-align--right"
          key="2"
          scope="col"
        >
          Q2
        </th>
        <th
          className="ds-u-text-align--right"
          key="3"
          scope="col"
        >
          Q3
        </th>
        <th
          className="ds-u-text-align--right"
          key="4"
          scope="col"
        >
          Q4
        </th>
        <th
          className="ds-u-text-align--right budget-table--subtotal budget-table--col__highlight"
          scope="col"
        >
          Subtotal
        </th>
      </tr>
    </thead>
    <tbody>
      <tr
        key="ehAmt"
      >
        <th
          scope="row"
        >
          EH Payments
        </th>
        <td
          key="1"
        >
          <InputHolder
            className="budget-table--input__number"
            hideLabel={true}
            label="ehAmt payments for 1, quarter 1"
            name="ehAmt-payments-1-q1"
            onChange={[Function]}
            type="text"
            value={2}
            wrapperClass="budget-table--input-holder"
          />
        </td>
        <td
          key="2"
        >
          <InputHolder
            className="budget-table--input__number"
            hideLabel={true}
            label="ehAmt payments for 1, quarter 2"
            name="ehAmt-payments-1-q2"
            onChange={[Function]}
            type="text"
            value={3}
            wrapperClass="budget-table--input-holder"
          />
        </td>
        <td
          key="3"
        >
          <InputHolder
            className="budget-table--input__number"
            hideLabel={true}
            label="ehAmt payments for 1, quarter 3"
            name="ehAmt-payments-1-q3"
            onChange={[Function]}
            type="text"
            value={4}
            wrapperClass="budget-table--input-holder"
          />
        </td>
        <td
          key="4"
        >
          <InputHolder
            className="budget-table--input__number"
            hideLabel={true}
            label="ehAmt payments for 1, quarter 4"
            name="ehAmt-payments-1-q4"
            onChange={[Function]}
            type="text"
            value=""
            wrapperClass="budget-table--input-holder"
          />
        </td>
        <td
          className="budget-table--number budget-table--col__highlight budget-table--subtotal"
        >
          <Dollars
            long={false}
          >
            10
          </Dollars>
        </td>
      </tr>
      <tr
        key="ehCt"
      >
        <th
          scope="row"
        >
          EH Count (optional)
        </th>
        <td
          key="1"
        >
          <InputHolder
            className="budget-table--input__number"
            hideLabel={true}
            label="ehCt payments for 1, quarter 1"
            name="ehCt-payments-1-q1"
            onChange={[Function]}
            type="text"
            value={10}
            wrapperClass="budget-table--input-holder"
          />
        </td>
        <td
          key="2"
        >
          <InputHolder
            className="budget-table--input__number"
            hideLabel={true}
            label="ehCt payments for 1, quarter 2"
            name="ehCt-payments-1-q2"
            onChange={[Function]}
            type="text"
            value={11}
            wrapperClass="budget-table--input-holder"
          />
        </td>
        <td
          key="3"
        >
          <InputHolder
            className="budget-table--input__number"
            hideLabel={true}
            label="ehCt payments for 1, quarter 3"
            name="ehCt-payments-1-q3"
            onChange={[Function]}
            type="text"
            value={12}
            wrapperClass="budget-table--input-holder"
          />
        </td>
        <td
          key="4"
        >
          <InputHolder
            className="budget-table--input__number"
            hideLabel={true}
            label="ehCt payments for 1, quarter 4"
            name="ehCt-payments-1-q4"
            onChange={[Function]}
            type="text"
            value=""
            wrapperClass="budget-table--input-holder"
          />
        </td>
        <td
          className="budget-table--number budget-table--col__highlight budget-table--subtotal"
        >
          42
        </td>
      </tr>
      <tr
        key="epAmt"
      >
        <th
          scope="row"
        >
          EP Payments
        </th>
        <td
          key="1"
        >
          <InputHolder
            className="budget-table--input__number"
            hideLabel={true}
            label="epAmt payments for 1, quarter 1"
            name="epAmt-payments-1-q1"
            onChange={[Function]}
            type="text"
            value={18}
            wrapperClass="budget-table--input-holder"
          />
        </td>
        <td
          key="2"
        >
          <InputHolder
            className="budget-table--input__number"
            hideLabel={true}
            label="epAmt payments for 1, quarter 2"
            name="epAmt-payments-1-q2"
            onChange={[Function]}
            type="text"
            value={19}
            wrapperClass="budget-table--input-holder"
          />
        </td>
        <td
          key="3"
        >
          <InputHolder
            className="budget-table--input__number"
            hideLabel={true}
            label="epAmt payments for 1, quarter 3"
            name="epAmt-payments-1-q3"
            onChange={[Function]}
            type="text"
            value={20}
            wrapperClass="budget-table--input-holder"
          />
        </td>
        <td
          key="4"
        >
          <InputHolder
            className="budget-table--input__number"
            hideLabel={true}
            label="epAmt payments for 1, quarter 4"
            name="epAmt-payments-1-q4"
            onChange={[Function]}
            type="text"
            value=""
            wrapperClass="budget-table--input-holder"
          />
        </td>
        <td
          className="budget-table--number budget-table--col__highlight budget-table--subtotal"
        >
          <Dollars
            long={false}
          >
            74
          </Dollars>
        </td>
      </tr>
      <tr
        key="epCt"
      >
        <th
          scope="row"
        >
          EP Count (optional)
        </th>
        <td
          key="1"
        >
          <InputHolder
            className="budget-table--input__number"
            hideLabel={true}
            label="epCt payments for 1, quarter 1"
            name="epCt-payments-1-q1"
            onChange={[Function]}
            type="text"
            value={26}
            wrapperClass="budget-table--input-holder"
          />
        </td>
        <td
          key="2"
        >
          <InputHolder
            className="budget-table--input__number"
            hideLabel={true}
            label="epCt payments for 1, quarter 2"
            name="epCt-payments-1-q2"
            onChange={[Function]}
            type="text"
            value={27}
            wrapperClass="budget-table--input-holder"
          />
        </td>
        <td
          key="3"
        >
          <InputHolder
            className="budget-table--input__number"
            hideLabel={true}
            label="epCt payments for 1, quarter 3"
            name="epCt-payments-1-q3"
            onChange={[Function]}
            type="text"
            value={28}
            wrapperClass="budget-table--input-holder"
          />
        </td>
        <td
          key="4"
        >
          <InputHolder
            className="budget-table--input__number"
            hideLabel={true}
            label="epCt payments for 1, quarter 4"
            name="epCt-payments-1-q4"
            onChange={[Function]}
            type="text"
            value=""
            wrapperClass="budget-table--input-holder"
          />
        </td>
        <td
          className="budget-table--number budget-table--col__highlight budget-table--subtotal"
        >
          106
        </td>
      </tr>
    </tbody>
  </table>
  <table
    className="budget-table"
  >
    <caption
      className="ds-u-visibility--screen-reader"
    >
      FFY 2
    </caption>
    <thead>
      <tr>
        <th>
          <span
            aria-hidden="true"
          >
            FFY 2
          </span>
        </th>
        <th
          className="ds-u-text-align--right"
          key="1"
          scope="col"
        >
          Q1
        </th>
        <th
          className="ds-u-text-align--right"
          key="2"
          scope="col"
        >
          Q2
        </th>
        <th
          className="ds-u-text-align--right"
          key="3"
          scope="col"
        >
          Q3
        </th>
        <th
          className="ds-u-text-align--right"
          key="4"
          scope="col"
        >
          Q4
        </th>
        <th
          className="ds-u-text-align--right budget-table--subtotal budget-table--col__highlight"
          scope="col"
        >
          Subtotal
        </th>
      </tr>
    </thead>
    <tbody>
      <tr
        key="ehAmt"
      >
        <th
          scope="row"
        >
          EH Payments
        </th>
        <td
          key="1"
        >
          <InputHolder
            className="budget-table--input__number"
            hideLabel={true}
            label="ehAmt payments for 2, quarter 1"
            name="ehAmt-payments-2-q1"
            onChange={[Function]}
            type="text"
            value={6}
            wrapperClass="budget-table--input-holder"
          />
        </td>
        <td
          key="2"
        >
          <InputHolder
            className="budget-table--input__number"
            hideLabel={true}
            label="ehAmt payments for 2, quarter 2"
            name="ehAmt-payments-2-q2"
            onChange={[Function]}
            type="text"
            value={7}
            wrapperClass="budget-table--input-holder"
          />
        </td>
        <td
          key="3"
        >
          <InputHolder
            className="budget-table--input__number"
            hideLabel={true}
            label="ehAmt payments for 2, quarter 3"
            name="ehAmt-payments-2-q3"
            onChange={[Function]}
            type="text"
            value={8}
            wrapperClass="budget-table--input-holder"
          />
        </td>
        <td
          key="4"
        >
          <InputHolder
            className="budget-table--input__number"
            hideLabel={true}
            label="ehAmt payments for 2, quarter 4"
            name="ehAmt-payments-2-q4"
            onChange={[Function]}
            type="text"
            value=""
            wrapperClass="budget-table--input-holder"
          />
        </td>
        <td
          className="budget-table--number budget-table--col__highlight budget-table--subtotal"
        >
          <Dollars
            long={false}
          >
            26
          </Dollars>
        </td>
      </tr>
      <tr
        key="ehCt"
      >
        <th
          scope="row"
        >
          EH Count (optional)
        </th>
        <td
          key="1"
        >
          <InputHolder
            className="budget-table--input__number"
            hideLabel={true}
            label="ehCt payments for 2, quarter 1"
            name="ehCt-payments-2-q1"
            onChange={[Function]}
            type="text"
            value={14}
            wrapperClass="budget-table--input-holder"
          />
        </td>
        <td
          key="2"
        >
          <InputHolder
            className="budget-table--input__number"
            hideLabel={true}
            label="ehCt payments for 2, quarter 2"
            name="ehCt-payments-2-q2"
            onChange={[Function]}
            type="text"
            value={15}
            wrapperClass="budget-table--input-holder"
          />
        </td>
        <td
          key="3"
        >
          <InputHolder
            className="budget-table--input__number"
            hideLabel={true}
            label="ehCt payments for 2, quarter 3"
            name="ehCt-payments-2-q3"
            onChange={[Function]}
            type="text"
            value={16}
            wrapperClass="budget-table--input-holder"
          />
        </td>
        <td
          key="4"
        >
          <InputHolder
            className="budget-table--input__number"
            hideLabel={true}
            label="ehCt payments for 2, quarter 4"
            name="ehCt-payments-2-q4"
            onChange={[Function]}
            type="text"
            value=""
            wrapperClass="budget-table--input-holder"
          />
        </td>
        <td
          className="budget-table--number budget-table--col__highlight budget-table--subtotal"
        >
          58
        </td>
      </tr>
      <tr
        key="epAmt"
      >
        <th
          scope="row"
        >
          EP Payments
        </th>
        <td
          key="1"
        >
          <InputHolder
            className="budget-table--input__number"
            hideLabel={true}
            label="epAmt payments for 2, quarter 1"
            name="epAmt-payments-2-q1"
            onChange={[Function]}
            type="text"
            value={22}
            wrapperClass="budget-table--input-holder"
          />
        </td>
        <td
          key="2"
        >
          <InputHolder
            className="budget-table--input__number"
            hideLabel={true}
            label="epAmt payments for 2, quarter 2"
            name="epAmt-payments-2-q2"
            onChange={[Function]}
            type="text"
            value={23}
            wrapperClass="budget-table--input-holder"
          />
        </td>
        <td
          key="3"
        >
          <InputHolder
            className="budget-table--input__number"
            hideLabel={true}
            label="epAmt payments for 2, quarter 3"
            name="epAmt-payments-2-q3"
            onChange={[Function]}
            type="text"
            value={24}
            wrapperClass="budget-table--input-holder"
          />
        </td>
        <td
          key="4"
        >
          <InputHolder
            className="budget-table--input__number"
            hideLabel={true}
            label="epAmt payments for 2, quarter 4"
            name="epAmt-payments-2-q4"
            onChange={[Function]}
            type="text"
            value=""
            wrapperClass="budget-table--input-holder"
          />
        </td>
        <td
          className="budget-table--number budget-table--col__highlight budget-table--subtotal"
        >
          <Dollars
            long={false}
          >
            90
          </Dollars>
        </td>
      </tr>
      <tr
        key="epCt"
      >
        <th
          scope="row"
        >
          EP Count (optional)
        </th>
        <td
          key="1"
        >
          <InputHolder
            className="budget-table--input__number"
            hideLabel={true}
            label="epCt payments for 2, quarter 1"
            name="epCt-payments-2-q1"
            onChange={[Function]}
            type="text"
            value={30}
            wrapperClass="budget-table--input-holder"
          />
        </td>
        <td
          key="2"
        >
          <InputHolder
            className="budget-table--input__number"
            hideLabel={true}
            label="epCt payments for 2, quarter 2"
            name="epCt-payments-2-q2"
            onChange={[Function]}
            type="text"
            value={31}
            wrapperClass="budget-table--input-holder"
          />
        </td>
        <td
          key="3"
        >
          <InputHolder
            className="budget-table--input__number"
            hideLabel={true}
            label="epCt payments for 2, quarter 3"
            name="epCt-payments-2-q3"
            onChange={[Function]}
            type="text"
            value={32}
            wrapperClass="budget-table--input-holder"
          />
        </td>
        <td
          key="4"
        >
          <InputHolder
            className="budget-table--input__number"
            hideLabel={true}
            label="epCt payments for 2, quarter 4"
            name="epCt-payments-2-q4"
            onChange={[Function]}
            type="text"
            value=""
            wrapperClass="budget-table--input-holder"
          />
        </td>
        <td
          className="budget-table--number budget-table--col__highlight budget-table--subtotal"
        >
          122
        </td>
      </tr>
    </tbody>
  </table>
</Fragment>
`;
