// Jest Snapshot v1, https://goo.gl/fbAQLP

exports[`schedule summary component renders correctly 1`] = `
<Connect(ConnectedWaypoint)
  id="schedule-summary"
>
  <Section
    id="schedule-summary"
    isNumbered={true}
    resource="scheduleSummary"
  >
    <Subsection
      id="schedule-summary-table"
      nested={false}
      resource="scheduleSummary.main"
    >
      <table
        className="table-cms"
      >
        <tbody>
          <tr>
            <th
              className="ds-u-font-weight--bold"
              colSpan="2"
            >
              Activity 
              1
              : 
              Number One
            </th>
          </tr>
          <tr>
            <td
              className="ds-u-padding-left--3 ds-u-border-right--0"
            >
              one-one
            </td>
            <td
              className="ds-u-padding-right--3 ds-u-border-left--0"
            >
              1995/12/02
               - 
              1996/03/16
            </td>
          </tr>
          <tr>
            <td
              className="ds-u-padding-left--3 ds-u-border-right--0"
            >
              one-two
            </td>
            <td
              className="ds-u-padding-right--3 ds-u-border-left--0"
            >
              1962/10/05
               - 
              1970/05/23
            </td>
          </tr>
          <tr>
            <th
              className="ds-u-font-weight--bold"
              colSpan="2"
            >
              Activity 
              2
              : 
              Number 💩
            </th>
          </tr>
          <tr>
            <td
              className="ds-u-padding-left--3 ds-u-border-right--0"
            >
              three-one
            </td>
            <td
              className="ds-u-padding-right--3 ds-u-border-left--0"
            >
              2016/10/06
               - 
              2016/10/06
            </td>
          </tr>
          <tr>
            <td
              className="ds-u-padding-left--3 ds-u-border-right--0"
            >
              two-two
            </td>
            <td
              className="ds-u-padding-right--3 ds-u-border-left--0"
            >
              2014/06/25
               - 
              2014/06/25
            </td>
          </tr>
          <tr>
            <td
              className="ds-u-padding-left--3 ds-u-border-right--0"
            >
              two-three
            </td>
            <td
              className="ds-u-padding-right--3 ds-u-border-left--0"
            >
              1965/08/29
               - 
              1965/08/21
            </td>
          </tr>
          <tr>
            <th
              className="ds-u-font-weight--bold"
              colSpan="2"
            >
              Activity 
              3
              : 
              Number Three
            </th>
          </tr>
          <tr>
            <td
              className="ds-u-padding-left--3 ds-u-border-right--0"
            >
              three-one
            </td>
            <td
              className="ds-u-padding-right--3 ds-u-border-left--0"
            >
              2018/05/05
               - 
              2018/06/09
            </td>
          </tr>
        </tbody>
      </table>
    </Subsection>
  </Section>
</Connect(ConnectedWaypoint)>
`;

exports[`schedule summary component renders correctly with no data 1`] = `
<Connect(ConnectedWaypoint)
  id="schedule-summary"
>
  <Section
    id="schedule-summary"
    isNumbered={true}
    resource="scheduleSummary"
  >
    <Subsection
      id="schedule-summary-table"
      nested={false}
      resource="scheduleSummary.main"
    >
      <div
        className="p1 h6 alert"
      >
        There are no milestones scheduled.
      </div>
    </Subsection>
  </Section>
</Connect(ConnectedWaypoint)>
`;
