// Jest Snapshot v1, https://goo.gl/fbAQLP

exports[`Sidebar component renders correctly 1`] = `
<LinksContextConsumer>
  <Component />
</LinksContextConsumer>
`;

exports[`Sidebar component renders the active section correctly if it is an activity section 1`] = `
<LinksContextConsumer>
  <Component />
</LinksContextConsumer>
`;

exports[`Sidebar component renders the active section with its children open 1`] = `
<LinksContextConsumer>
  <Component />
</LinksContextConsumer>
`;

exports[`Sidebar component uses the PNG file extension for territories (these are not SVGs) 1`] = `
<LinksContextConsumer>
  <Component />
</LinksContextConsumer>
`;
