// Jest Snapshot v1, https://goo.gl/fbAQLP

exports[`activity costs wrapper (around personnel and non-personnel)  renders properly 1`] = `
<Subsection
  headerClassName={null}
  id="activity-cost-categories-0"
  nested={false}
  resource="activities.costs"
>
  <h4
    className="ds-h4"
  >
    State Staff
  </h4>
  <Connect(StatePersonnel)
    activityIndex={0}
  />
  <h4
    className="ds-h4"
  >
    Other State Expenses
  </h4>
  <Connect(NonPersonnelCosts)
    activityIndex={0}
  />
</Subsection>
`;
