// Jest Snapshot v1, https://goo.gl/fbAQLP

exports[`users endpoint users endpoint | GET /users when authenticated 1`] = `
Array [
  Object {
    "activities": Array [
      "view-users",
      "view-roles",
      "submit-federal-response",
      "submit-clearance",
      "edit-comments",
      "submit-document",
      "submit-state-response",
      "create-draft",
      "edit-document",
      "edit-response",
      "view-document",
      "view-affiliations",
      "edit-affiliations",
      "approve-state-access",
    ],
    "affiliations": Array [
      Object {
        "created_at": "2020-11-16T18:45:18.445Z",
        "id": 450,
        "role_id": 1101,
        "state_id": "ak",
        "status": "approved",
        "updated_at": "2020-11-16T18:45:18.445Z",
        "updated_by": null,
        "user_id": "all-permissions",
      },
      Object {
        "created_at": "2020-11-16T18:45:18.445Z",
        "id": 449,
        "role_id": 1101,
        "state_id": "al",
        "status": "approved",
        "updated_at": "2020-11-16T18:45:18.445Z",
        "updated_by": null,
        "user_id": "all-permissions",
      },
      Object {
        "created_at": "2020-11-16T18:45:18.445Z",
        "id": 452,
        "role_id": 1101,
        "state_id": "ar",
        "status": "approved",
        "updated_at": "2020-11-16T18:45:18.445Z",
        "updated_by": null,
        "user_id": "all-permissions",
      },
      Object {
        "created_at": "2020-11-16T18:45:18.445Z",
        "id": 500,
        "role_id": 1101,
        "state_id": "as",
        "status": "approved",
        "updated_at": "2020-11-16T18:45:18.445Z",
        "updated_by": null,
        "user_id": "all-permissions",
      },
      Object {
        "created_at": "2020-11-16T18:45:18.445Z",
        "id": 451,
        "role_id": 1101,
        "state_id": "az",
        "status": "approved",
        "updated_at": "2020-11-16T18:45:18.445Z",
        "updated_by": null,
        "user_id": "all-permissions",
      },
      Object {
        "created_at": "2020-11-16T18:45:18.445Z",
        "id": 453,
        "role_id": 1101,
        "state_id": "ca",
        "status": "approved",
        "updated_at": "2020-11-16T18:45:18.445Z",
        "updated_by": null,
        "user_id": "all-permissions",
      },
      Object {
        "created_at": "2020-11-16T18:45:18.445Z",
        "id": 454,
        "role_id": 1101,
        "state_id": "co",
        "status": "approved",
        "updated_at": "2020-11-16T18:45:18.445Z",
        "updated_by": null,
        "user_id": "all-permissions",
      },
      Object {
        "created_at": "2020-11-16T18:45:18.445Z",
        "id": 455,
        "role_id": 1101,
        "state_id": "ct",
        "status": "approved",
        "updated_at": "2020-11-16T18:45:18.445Z",
        "updated_by": null,
        "user_id": "all-permissions",
      },
      Object {
        "created_at": "2020-11-16T18:45:18.445Z",
        "id": 499,
        "role_id": 1101,
        "state_id": "dc",
        "status": "approved",
        "updated_at": "2020-11-16T18:45:18.445Z",
        "updated_by": null,
        "user_id": "all-permissions",
      },
      Object {
        "created_at": "2020-11-16T18:45:18.445Z",
        "id": 456,
        "role_id": 1101,
        "state_id": "de",
        "status": "approved",
        "updated_at": "2020-11-16T18:45:18.445Z",
        "updated_by": null,
        "user_id": "all-permissions",
      },
      Object {
        "created_at": "2020-11-16T18:45:18.445Z",
        "id": 457,
        "role_id": 1101,
        "state_id": "fl",
        "status": "approved",
        "updated_at": "2020-11-16T18:45:18.445Z",
        "updated_by": null,
        "user_id": "all-permissions",
      },
      Object {
        "created_at": "2020-11-16T18:45:18.445Z",
        "id": 458,
        "role_id": 1101,
        "state_id": "ga",
        "status": "approved",
        "updated_at": "2020-11-16T18:45:18.445Z",
        "updated_by": null,
        "user_id": "all-permissions",
      },
      Object {
        "created_at": "2020-11-16T18:45:18.445Z",
        "id": 501,
        "role_id": 1101,
        "state_id": "gu",
        "status": "approved",
        "updated_at": "2020-11-16T18:45:18.445Z",
        "updated_by": null,
        "user_id": "all-permissions",
      },
      Object {
        "created_at": "2020-11-16T18:45:18.445Z",
        "id": 459,
        "role_id": 1101,
        "state_id": "hi",
        "status": "approved",
        "updated_at": "2020-11-16T18:45:18.445Z",
        "updated_by": null,
        "user_id": "all-permissions",
      },
      Object {
        "created_at": "2020-11-16T18:45:18.445Z",
        "id": 461,
        "role_id": 1101,
        "state_id": "ia",
        "status": "approved",
        "updated_at": "2020-11-16T18:45:18.445Z",
        "updated_by": null,
        "user_id": "all-permissions",
      },
      Object {
        "created_at": "2020-11-16T18:45:18.445Z",
        "id": 460,
        "role_id": 1101,
        "state_id": "id",
        "status": "approved",
        "updated_at": "2020-11-16T18:45:18.445Z",
        "updated_by": null,
        "user_id": "all-permissions",
      },
      Object {
        "created_at": "2020-11-16T18:45:18.445Z",
        "id": 462,
        "role_id": 1101,
        "state_id": "il",
        "status": "approved",
        "updated_at": "2020-11-16T18:45:18.445Z",
        "updated_by": null,
        "user_id": "all-permissions",
      },
      Object {
        "created_at": "2020-11-16T18:45:18.445Z",
        "id": 463,
        "role_id": 1101,
        "state_id": "in",
        "status": "approved",
        "updated_at": "2020-11-16T18:45:18.445Z",
        "updated_by": null,
        "user_id": "all-permissions",
      },
      Object {
        "created_at": "2020-11-16T18:45:18.445Z",
        "id": 464,
        "role_id": 1101,
        "state_id": "ks",
        "status": "approved",
        "updated_at": "2020-11-16T18:45:18.445Z",
        "updated_by": null,
        "user_id": "all-permissions",
      },
      Object {
        "created_at": "2020-11-16T18:45:18.445Z",
        "id": 465,
        "role_id": 1101,
        "state_id": "ky",
        "status": "approved",
        "updated_at": "2020-11-16T18:45:18.445Z",
        "updated_by": null,
        "user_id": "all-permissions",
      },
      Object {
        "created_at": "2020-11-16T18:45:18.445Z",
        "id": 466,
        "role_id": 1101,
        "state_id": "la",
        "status": "approved",
        "updated_at": "2020-11-16T18:45:18.445Z",
        "updated_by": null,
        "user_id": "all-permissions",
      },
      Object {
        "created_at": "2020-11-16T18:45:18.445Z",
        "id": 469,
        "role_id": 1101,
        "state_id": "ma",
        "status": "approved",
        "updated_at": "2020-11-16T18:45:18.445Z",
        "updated_by": null,
        "user_id": "all-permissions",
      },
      Object {
        "created_at": "2020-11-16T18:45:18.445Z",
        "id": 468,
        "role_id": 1101,
        "state_id": "md",
        "status": "approved",
        "updated_at": "2020-11-16T18:45:18.445Z",
        "updated_by": null,
        "user_id": "all-permissions",
      },
      Object {
        "created_at": "2020-11-16T18:45:18.445Z",
        "id": 467,
        "role_id": 1101,
        "state_id": "me",
        "status": "approved",
        "updated_at": "2020-11-16T18:45:18.445Z",
        "updated_by": null,
        "user_id": "all-permissions",
      },
      Object {
        "created_at": "2020-11-16T18:45:18.445Z",
        "id": 470,
        "role_id": 1101,
        "state_id": "mi",
        "status": "approved",
        "updated_at": "2020-11-16T18:45:18.445Z",
        "updated_by": null,
        "user_id": "all-permissions",
      },
      Object {
        "created_at": "2020-11-16T18:45:18.445Z",
        "id": 471,
        "role_id": 1101,
        "state_id": "mn",
        "status": "approved",
        "updated_at": "2020-11-16T18:45:18.445Z",
        "updated_by": null,
        "user_id": "all-permissions",
      },
      Object {
        "created_at": "2020-11-16T18:45:18.445Z",
        "id": 473,
        "role_id": 1101,
        "state_id": "mo",
        "status": "approved",
        "updated_at": "2020-11-16T18:45:18.445Z",
        "updated_by": null,
        "user_id": "all-permissions",
      },
      Object {
        "created_at": "2020-11-16T18:45:18.445Z",
        "id": 502,
        "role_id": 1101,
        "state_id": "mp",
        "status": "approved",
        "updated_at": "2020-11-16T18:45:18.445Z",
        "updated_by": null,
        "user_id": "all-permissions",
      },
      Object {
        "created_at": "2020-11-16T18:45:18.445Z",
        "id": 472,
        "role_id": 1101,
        "state_id": "ms",
        "status": "approved",
        "updated_at": "2020-11-16T18:45:18.445Z",
        "updated_by": null,
        "user_id": "all-permissions",
      },
      Object {
        "created_at": "2020-11-16T18:45:18.445Z",
        "id": 474,
        "role_id": 1101,
        "state_id": "mt",
        "status": "approved",
        "updated_at": "2020-11-16T18:45:18.445Z",
        "updated_by": null,
        "user_id": "all-permissions",
      },
      Object {
        "created_at": "2020-11-16T18:45:18.445Z",
        "id": 476,
        "role_id": 1101,
        "state_id": "nc",
        "status": "approved",
        "updated_at": "2020-11-16T18:45:18.445Z",
        "updated_by": null,
        "user_id": "all-permissions",
      },
      Object {
        "created_at": "2020-11-16T18:45:18.445Z",
        "id": 477,
        "role_id": 1101,
        "state_id": "nd",
        "status": "approved",
        "updated_at": "2020-11-16T18:45:18.445Z",
        "updated_by": null,
        "user_id": "all-permissions",
      },
      Object {
        "created_at": "2020-11-16T18:45:18.445Z",
        "id": 475,
        "role_id": 1101,
        "state_id": "ne",
        "status": "approved",
        "updated_at": "2020-11-16T18:45:18.445Z",
        "updated_by": null,
        "user_id": "all-permissions",
      },
      Object {
        "created_at": "2020-11-16T18:45:18.445Z",
        "id": 478,
        "role_id": 1101,
        "state_id": "nh",
        "status": "approved",
        "updated_at": "2020-11-16T18:45:18.445Z",
        "updated_by": null,
        "user_id": "all-permissions",
      },
      Object {
        "created_at": "2020-11-16T18:45:18.445Z",
        "id": 479,
        "role_id": 1101,
        "state_id": "nj",
        "status": "approved",
        "updated_at": "2020-11-16T18:45:18.445Z",
        "updated_by": null,
        "user_id": "all-permissions",
      },
      Object {
        "created_at": "2020-11-16T18:45:18.445Z",
        "id": 480,
        "role_id": 1101,
        "state_id": "nm",
        "status": "approved",
        "updated_at": "2020-11-16T18:45:18.445Z",
        "updated_by": null,
        "user_id": "all-permissions",
      },
      Object {
        "created_at": "2020-11-16T18:45:18.445Z",
        "id": 481,
        "role_id": 1101,
        "state_id": "nv",
        "status": "approved",
        "updated_at": "2020-11-16T18:45:18.445Z",
        "updated_by": null,
        "user_id": "all-permissions",
      },
      Object {
        "created_at": "2020-11-16T18:45:18.445Z",
        "id": 482,
        "role_id": 1101,
        "state_id": "ny",
        "status": "approved",
        "updated_at": "2020-11-16T18:45:18.445Z",
        "updated_by": null,
        "user_id": "all-permissions",
      },
      Object {
        "created_at": "2020-11-16T18:45:18.445Z",
        "id": 483,
        "role_id": 1101,
        "state_id": "oh",
        "status": "approved",
        "updated_at": "2020-11-16T18:45:18.445Z",
        "updated_by": null,
        "user_id": "all-permissions",
      },
      Object {
        "created_at": "2020-11-16T18:45:18.445Z",
        "id": 484,
        "role_id": 1101,
        "state_id": "ok",
        "status": "approved",
        "updated_at": "2020-11-16T18:45:18.445Z",
        "updated_by": null,
        "user_id": "all-permissions",
      },
      Object {
        "created_at": "2020-11-16T18:45:18.445Z",
        "id": 485,
        "role_id": 1101,
        "state_id": "or",
        "status": "approved",
        "updated_at": "2020-11-16T18:45:18.445Z",
        "updated_by": null,
        "user_id": "all-permissions",
      },
      Object {
        "created_at": "2020-11-16T18:45:18.445Z",
        "id": 486,
        "role_id": 1101,
        "state_id": "pa",
        "status": "approved",
        "updated_at": "2020-11-16T18:45:18.445Z",
        "updated_by": null,
        "user_id": "all-permissions",
      },
      Object {
        "created_at": "2020-11-16T18:45:18.445Z",
        "id": 503,
        "role_id": 1101,
        "state_id": "pr",
        "status": "approved",
        "updated_at": "2020-11-16T18:45:18.445Z",
        "updated_by": null,
        "user_id": "all-permissions",
      },
      Object {
        "created_at": "2020-11-16T18:45:18.445Z",
        "id": 487,
        "role_id": 1101,
        "state_id": "ri",
        "status": "approved",
        "updated_at": "2020-11-16T18:45:18.445Z",
        "updated_by": null,
        "user_id": "all-permissions",
      },
      Object {
        "created_at": "2020-11-16T18:45:18.445Z",
        "id": 488,
        "role_id": 1101,
        "state_id": "sc",
        "status": "approved",
        "updated_at": "2020-11-16T18:45:18.445Z",
        "updated_by": null,
        "user_id": "all-permissions",
      },
      Object {
        "created_at": "2020-11-16T18:45:18.445Z",
        "id": 489,
        "role_id": 1101,
        "state_id": "sd",
        "status": "approved",
        "updated_at": "2020-11-16T18:45:18.445Z",
        "updated_by": null,
        "user_id": "all-permissions",
      },
      Object {
        "created_at": "2020-11-16T18:45:18.445Z",
        "id": 490,
        "role_id": 1101,
        "state_id": "tn",
        "status": "approved",
        "updated_at": "2020-11-16T18:45:18.445Z",
        "updated_by": null,
        "user_id": "all-permissions",
      },
      Object {
        "created_at": "2020-11-16T18:45:18.445Z",
        "id": 491,
        "role_id": 1101,
        "state_id": "tx",
        "status": "approved",
        "updated_at": "2020-11-16T18:45:18.445Z",
        "updated_by": null,
        "user_id": "all-permissions",
      },
      Object {
        "created_at": "2020-11-16T18:45:18.445Z",
        "id": 492,
        "role_id": 1101,
        "state_id": "ut",
        "status": "approved",
        "updated_at": "2020-11-16T18:45:18.445Z",
        "updated_by": null,
        "user_id": "all-permissions",
      },
      Object {
        "created_at": "2020-11-16T18:45:18.445Z",
        "id": 494,
        "role_id": 1101,
        "state_id": "va",
        "status": "approved",
        "updated_at": "2020-11-16T18:45:18.445Z",
        "updated_by": null,
        "user_id": "all-permissions",
      },
      Object {
        "created_at": "2020-11-16T18:45:18.445Z",
        "id": 504,
        "role_id": 1101,
        "state_id": "vi",
        "status": "approved",
        "updated_at": "2020-11-16T18:45:18.445Z",
        "updated_by": null,
        "user_id": "all-permissions",
      },
      Object {
        "created_at": "2020-11-16T18:45:18.445Z",
        "id": 493,
        "role_id": 1101,
        "state_id": "vt",
        "status": "approved",
        "updated_at": "2020-11-16T18:45:18.445Z",
        "updated_by": null,
        "user_id": "all-permissions",
      },
      Object {
        "created_at": "2020-11-16T18:45:18.445Z",
        "id": 495,
        "role_id": 1101,
        "state_id": "wa",
        "status": "approved",
        "updated_at": "2020-11-16T18:45:18.445Z",
        "updated_by": null,
        "user_id": "all-permissions",
      },
      Object {
        "created_at": "2020-11-16T18:45:18.445Z",
        "id": 497,
        "role_id": 1101,
        "state_id": "wi",
        "status": "approved",
        "updated_at": "2020-11-16T18:45:18.445Z",
        "updated_by": null,
        "user_id": "all-permissions",
      },
      Object {
        "created_at": "2020-11-16T18:45:18.445Z",
        "id": 496,
        "role_id": 1101,
        "state_id": "wv",
        "status": "approved",
        "updated_at": "2020-11-16T18:45:18.445Z",
        "updated_by": null,
        "user_id": "all-permissions",
      },
      Object {
        "created_at": "2020-11-16T18:45:18.445Z",
        "id": 498,
        "role_id": 1101,
        "state_id": "wy",
        "status": "approved",
        "updated_at": "2020-11-16T18:45:18.445Z",
        "updated_by": null,
        "user_id": "all-permissions",
      },
    ],
    "id": "all-permissions",
    "permissions": Object {
      "ak": Array [
        "view-users",
        "view-roles",
        "submit-federal-response",
        "submit-clearance",
        "edit-comments",
        "submit-document",
        "submit-state-response",
        "create-draft",
        "edit-document",
        "edit-response",
        "view-document",
        "view-affiliations",
        "edit-affiliations",
        "approve-state-access",
      ],
      "al": Array [
        "view-users",
        "view-roles",
        "submit-federal-response",
        "submit-clearance",
        "edit-comments",
        "submit-document",
        "submit-state-response",
        "create-draft",
        "edit-document",
        "edit-response",
        "view-document",
        "view-affiliations",
        "edit-affiliations",
        "approve-state-access",
      ],
      "ar": Array [
        "view-users",
        "view-roles",
        "submit-federal-response",
        "submit-clearance",
        "edit-comments",
        "submit-document",
        "submit-state-response",
        "create-draft",
        "edit-document",
        "edit-response",
        "view-document",
        "view-affiliations",
        "edit-affiliations",
        "approve-state-access",
      ],
      "as": Array [
        "view-users",
        "view-roles",
        "submit-federal-response",
        "submit-clearance",
        "edit-comments",
        "submit-document",
        "submit-state-response",
        "create-draft",
        "edit-document",
        "edit-response",
        "view-document",
        "view-affiliations",
        "edit-affiliations",
        "approve-state-access",
      ],
      "az": Array [
        "view-users",
        "view-roles",
        "submit-federal-response",
        "submit-clearance",
        "edit-comments",
        "submit-document",
        "submit-state-response",
        "create-draft",
        "edit-document",
        "edit-response",
        "view-document",
        "view-affiliations",
        "edit-affiliations",
        "approve-state-access",
      ],
      "ca": Array [
        "view-users",
        "view-roles",
        "submit-federal-response",
        "submit-clearance",
        "edit-comments",
        "submit-document",
        "submit-state-response",
        "create-draft",
        "edit-document",
        "edit-response",
        "view-document",
        "view-affiliations",
        "edit-affiliations",
        "approve-state-access",
      ],
      "co": Array [
        "view-users",
        "view-roles",
        "submit-federal-response",
        "submit-clearance",
        "edit-comments",
        "submit-document",
        "submit-state-response",
        "create-draft",
        "edit-document",
        "edit-response",
        "view-document",
        "view-affiliations",
        "edit-affiliations",
        "approve-state-access",
      ],
      "ct": Array [
        "view-users",
        "view-roles",
        "submit-federal-response",
        "submit-clearance",
        "edit-comments",
        "submit-document",
        "submit-state-response",
        "create-draft",
        "edit-document",
        "edit-response",
        "view-document",
        "view-affiliations",
        "edit-affiliations",
        "approve-state-access",
      ],
      "dc": Array [
        "view-users",
        "view-roles",
        "submit-federal-response",
        "submit-clearance",
        "edit-comments",
        "submit-document",
        "submit-state-response",
        "create-draft",
        "edit-document",
        "edit-response",
        "view-document",
        "view-affiliations",
        "edit-affiliations",
        "approve-state-access",
      ],
      "de": Array [
        "view-users",
        "view-roles",
        "submit-federal-response",
        "submit-clearance",
        "edit-comments",
        "submit-document",
        "submit-state-response",
        "create-draft",
        "edit-document",
        "edit-response",
        "view-document",
        "view-affiliations",
        "edit-affiliations",
        "approve-state-access",
      ],
      "fl": Array [
        "view-users",
        "view-roles",
        "submit-federal-response",
        "submit-clearance",
        "edit-comments",
        "submit-document",
        "submit-state-response",
        "create-draft",
        "edit-document",
        "edit-response",
        "view-document",
        "view-affiliations",
        "edit-affiliations",
        "approve-state-access",
      ],
      "ga": Array [
        "view-users",
        "view-roles",
        "submit-federal-response",
        "submit-clearance",
        "edit-comments",
        "submit-document",
        "submit-state-response",
        "create-draft",
        "edit-document",
        "edit-response",
        "view-document",
        "view-affiliations",
        "edit-affiliations",
        "approve-state-access",
      ],
      "gu": Array [
        "view-users",
        "view-roles",
        "submit-federal-response",
        "submit-clearance",
        "edit-comments",
        "submit-document",
        "submit-state-response",
        "create-draft",
        "edit-document",
        "edit-response",
        "view-document",
        "view-affiliations",
        "edit-affiliations",
        "approve-state-access",
      ],
      "hi": Array [
        "view-users",
        "view-roles",
        "submit-federal-response",
        "submit-clearance",
        "edit-comments",
        "submit-document",
        "submit-state-response",
        "create-draft",
        "edit-document",
        "edit-response",
        "view-document",
        "view-affiliations",
        "edit-affiliations",
        "approve-state-access",
      ],
      "ia": Array [
        "view-users",
        "view-roles",
        "submit-federal-response",
        "submit-clearance",
        "edit-comments",
        "submit-document",
        "submit-state-response",
        "create-draft",
        "edit-document",
        "edit-response",
        "view-document",
        "view-affiliations",
        "edit-affiliations",
        "approve-state-access",
      ],
      "id": Array [
        "view-users",
        "view-roles",
        "submit-federal-response",
        "submit-clearance",
        "edit-comments",
        "submit-document",
        "submit-state-response",
        "create-draft",
        "edit-document",
        "edit-response",
        "view-document",
        "view-affiliations",
        "edit-affiliations",
        "approve-state-access",
      ],
      "il": Array [
        "view-users",
        "view-roles",
        "submit-federal-response",
        "submit-clearance",
        "edit-comments",
        "submit-document",
        "submit-state-response",
        "create-draft",
        "edit-document",
        "edit-response",
        "view-document",
        "view-affiliations",
        "edit-affiliations",
        "approve-state-access",
      ],
      "in": Array [
        "view-users",
        "view-roles",
        "submit-federal-response",
        "submit-clearance",
        "edit-comments",
        "submit-document",
        "submit-state-response",
        "create-draft",
        "edit-document",
        "edit-response",
        "view-document",
        "view-affiliations",
        "edit-affiliations",
        "approve-state-access",
      ],
      "ks": Array [
        "view-users",
        "view-roles",
        "submit-federal-response",
        "submit-clearance",
        "edit-comments",
        "submit-document",
        "submit-state-response",
        "create-draft",
        "edit-document",
        "edit-response",
        "view-document",
        "view-affiliations",
        "edit-affiliations",
        "approve-state-access",
      ],
      "ky": Array [
        "view-users",
        "view-roles",
        "submit-federal-response",
        "submit-clearance",
        "edit-comments",
        "submit-document",
        "submit-state-response",
        "create-draft",
        "edit-document",
        "edit-response",
        "view-document",
        "view-affiliations",
        "edit-affiliations",
        "approve-state-access",
      ],
      "la": Array [
        "view-users",
        "view-roles",
        "submit-federal-response",
        "submit-clearance",
        "edit-comments",
        "submit-document",
        "submit-state-response",
        "create-draft",
        "edit-document",
        "edit-response",
        "view-document",
        "view-affiliations",
        "edit-affiliations",
        "approve-state-access",
      ],
      "ma": Array [
        "view-users",
        "view-roles",
        "submit-federal-response",
        "submit-clearance",
        "edit-comments",
        "submit-document",
        "submit-state-response",
        "create-draft",
        "edit-document",
        "edit-response",
        "view-document",
        "view-affiliations",
        "edit-affiliations",
        "approve-state-access",
      ],
      "md": Array [
        "view-users",
        "view-roles",
        "submit-federal-response",
        "submit-clearance",
        "edit-comments",
        "submit-document",
        "submit-state-response",
        "create-draft",
        "edit-document",
        "edit-response",
        "view-document",
        "view-affiliations",
        "edit-affiliations",
        "approve-state-access",
      ],
      "me": Array [
        "view-users",
        "view-roles",
        "submit-federal-response",
        "submit-clearance",
        "edit-comments",
        "submit-document",
        "submit-state-response",
        "create-draft",
        "edit-document",
        "edit-response",
        "view-document",
        "view-affiliations",
        "edit-affiliations",
        "approve-state-access",
      ],
      "mi": Array [
        "view-users",
        "view-roles",
        "submit-federal-response",
        "submit-clearance",
        "edit-comments",
        "submit-document",
        "submit-state-response",
        "create-draft",
        "edit-document",
        "edit-response",
        "view-document",
        "view-affiliations",
        "edit-affiliations",
        "approve-state-access",
      ],
      "mn": Array [
        "view-users",
        "view-roles",
        "submit-federal-response",
        "submit-clearance",
        "edit-comments",
        "submit-document",
        "submit-state-response",
        "create-draft",
        "edit-document",
        "edit-response",
        "view-document",
        "view-affiliations",
        "edit-affiliations",
        "approve-state-access",
      ],
      "mo": Array [
        "view-users",
        "view-roles",
        "submit-federal-response",
        "submit-clearance",
        "edit-comments",
        "submit-document",
        "submit-state-response",
        "create-draft",
        "edit-document",
        "edit-response",
        "view-document",
        "view-affiliations",
        "edit-affiliations",
        "approve-state-access",
      ],
      "mp": Array [
        "view-users",
        "view-roles",
        "submit-federal-response",
        "submit-clearance",
        "edit-comments",
        "submit-document",
        "submit-state-response",
        "create-draft",
        "edit-document",
        "edit-response",
        "view-document",
        "view-affiliations",
        "edit-affiliations",
        "approve-state-access",
      ],
      "ms": Array [
        "view-users",
        "view-roles",
        "submit-federal-response",
        "submit-clearance",
        "edit-comments",
        "submit-document",
        "submit-state-response",
        "create-draft",
        "edit-document",
        "edit-response",
        "view-document",
        "view-affiliations",
        "edit-affiliations",
        "approve-state-access",
      ],
      "mt": Array [
        "view-users",
        "view-roles",
        "submit-federal-response",
        "submit-clearance",
        "edit-comments",
        "submit-document",
        "submit-state-response",
        "create-draft",
        "edit-document",
        "edit-response",
        "view-document",
        "view-affiliations",
        "edit-affiliations",
        "approve-state-access",
      ],
      "nc": Array [
        "view-users",
        "view-roles",
        "submit-federal-response",
        "submit-clearance",
        "edit-comments",
        "submit-document",
        "submit-state-response",
        "create-draft",
        "edit-document",
        "edit-response",
        "view-document",
        "view-affiliations",
        "edit-affiliations",
        "approve-state-access",
      ],
      "nd": Array [
        "view-users",
        "view-roles",
        "submit-federal-response",
        "submit-clearance",
        "edit-comments",
        "submit-document",
        "submit-state-response",
        "create-draft",
        "edit-document",
        "edit-response",
        "view-document",
        "view-affiliations",
        "edit-affiliations",
        "approve-state-access",
      ],
      "ne": Array [
        "view-users",
        "view-roles",
        "submit-federal-response",
        "submit-clearance",
        "edit-comments",
        "submit-document",
        "submit-state-response",
        "create-draft",
        "edit-document",
        "edit-response",
        "view-document",
        "view-affiliations",
        "edit-affiliations",
        "approve-state-access",
      ],
      "nh": Array [
        "view-users",
        "view-roles",
        "submit-federal-response",
        "submit-clearance",
        "edit-comments",
        "submit-document",
        "submit-state-response",
        "create-draft",
        "edit-document",
        "edit-response",
        "view-document",
        "view-affiliations",
        "edit-affiliations",
        "approve-state-access",
      ],
      "nj": Array [
        "view-users",
        "view-roles",
        "submit-federal-response",
        "submit-clearance",
        "edit-comments",
        "submit-document",
        "submit-state-response",
        "create-draft",
        "edit-document",
        "edit-response",
        "view-document",
        "view-affiliations",
        "edit-affiliations",
        "approve-state-access",
      ],
      "nm": Array [
        "view-users",
        "view-roles",
        "submit-federal-response",
        "submit-clearance",
        "edit-comments",
        "submit-document",
        "submit-state-response",
        "create-draft",
        "edit-document",
        "edit-response",
        "view-document",
        "view-affiliations",
        "edit-affiliations",
        "approve-state-access",
      ],
      "nv": Array [
        "view-users",
        "view-roles",
        "submit-federal-response",
        "submit-clearance",
        "edit-comments",
        "submit-document",
        "submit-state-response",
        "create-draft",
        "edit-document",
        "edit-response",
        "view-document",
        "view-affiliations",
        "edit-affiliations",
        "approve-state-access",
      ],
      "ny": Array [
        "view-users",
        "view-roles",
        "submit-federal-response",
        "submit-clearance",
        "edit-comments",
        "submit-document",
        "submit-state-response",
        "create-draft",
        "edit-document",
        "edit-response",
        "view-document",
        "view-affiliations",
        "edit-affiliations",
        "approve-state-access",
      ],
      "oh": Array [
        "view-users",
        "view-roles",
        "submit-federal-response",
        "submit-clearance",
        "edit-comments",
        "submit-document",
        "submit-state-response",
        "create-draft",
        "edit-document",
        "edit-response",
        "view-document",
        "view-affiliations",
        "edit-affiliations",
        "approve-state-access",
      ],
      "ok": Array [
        "view-users",
        "view-roles",
        "submit-federal-response",
        "submit-clearance",
        "edit-comments",
        "submit-document",
        "submit-state-response",
        "create-draft",
        "edit-document",
        "edit-response",
        "view-document",
        "view-affiliations",
        "edit-affiliations",
        "approve-state-access",
      ],
      "or": Array [
        "view-users",
        "view-roles",
        "submit-federal-response",
        "submit-clearance",
        "edit-comments",
        "submit-document",
        "submit-state-response",
        "create-draft",
        "edit-document",
        "edit-response",
        "view-document",
        "view-affiliations",
        "edit-affiliations",
        "approve-state-access",
      ],
      "pa": Array [
        "view-users",
        "view-roles",
        "submit-federal-response",
        "submit-clearance",
        "edit-comments",
        "submit-document",
        "submit-state-response",
        "create-draft",
        "edit-document",
        "edit-response",
        "view-document",
        "view-affiliations",
        "edit-affiliations",
        "approve-state-access",
      ],
      "pr": Array [
        "view-users",
        "view-roles",
        "submit-federal-response",
        "submit-clearance",
        "edit-comments",
        "submit-document",
        "submit-state-response",
        "create-draft",
        "edit-document",
        "edit-response",
        "view-document",
        "view-affiliations",
        "edit-affiliations",
        "approve-state-access",
      ],
      "ri": Array [
        "view-users",
        "view-roles",
        "submit-federal-response",
        "submit-clearance",
        "edit-comments",
        "submit-document",
        "submit-state-response",
        "create-draft",
        "edit-document",
        "edit-response",
        "view-document",
        "view-affiliations",
        "edit-affiliations",
        "approve-state-access",
      ],
      "sc": Array [
        "view-users",
        "view-roles",
        "submit-federal-response",
        "submit-clearance",
        "edit-comments",
        "submit-document",
        "submit-state-response",
        "create-draft",
        "edit-document",
        "edit-response",
        "view-document",
        "view-affiliations",
        "edit-affiliations",
        "approve-state-access",
      ],
      "sd": Array [
        "view-users",
        "view-roles",
        "submit-federal-response",
        "submit-clearance",
        "edit-comments",
        "submit-document",
        "submit-state-response",
        "create-draft",
        "edit-document",
        "edit-response",
        "view-document",
        "view-affiliations",
        "edit-affiliations",
        "approve-state-access",
      ],
      "tn": Array [
        "view-users",
        "view-roles",
        "submit-federal-response",
        "submit-clearance",
        "edit-comments",
        "submit-document",
        "submit-state-response",
        "create-draft",
        "edit-document",
        "edit-response",
        "view-document",
        "view-affiliations",
        "edit-affiliations",
        "approve-state-access",
      ],
      "tx": Array [
        "view-users",
        "view-roles",
        "submit-federal-response",
        "submit-clearance",
        "edit-comments",
        "submit-document",
        "submit-state-response",
        "create-draft",
        "edit-document",
        "edit-response",
        "view-document",
        "view-affiliations",
        "edit-affiliations",
        "approve-state-access",
      ],
      "ut": Array [
        "view-users",
        "view-roles",
        "submit-federal-response",
        "submit-clearance",
        "edit-comments",
        "submit-document",
        "submit-state-response",
        "create-draft",
        "edit-document",
        "edit-response",
        "view-document",
        "view-affiliations",
        "edit-affiliations",
        "approve-state-access",
      ],
      "va": Array [
        "view-users",
        "view-roles",
        "submit-federal-response",
        "submit-clearance",
        "edit-comments",
        "submit-document",
        "submit-state-response",
        "create-draft",
        "edit-document",
        "edit-response",
        "view-document",
        "view-affiliations",
        "edit-affiliations",
        "approve-state-access",
      ],
      "vi": Array [
        "view-users",
        "view-roles",
        "submit-federal-response",
        "submit-clearance",
        "edit-comments",
        "submit-document",
        "submit-state-response",
        "create-draft",
        "edit-document",
        "edit-response",
        "view-document",
        "view-affiliations",
        "edit-affiliations",
        "approve-state-access",
      ],
      "vt": Array [
        "view-users",
        "view-roles",
        "submit-federal-response",
        "submit-clearance",
        "edit-comments",
        "submit-document",
        "submit-state-response",
        "create-draft",
        "edit-document",
        "edit-response",
        "view-document",
        "view-affiliations",
        "edit-affiliations",
        "approve-state-access",
      ],
      "wa": Array [
        "view-users",
        "view-roles",
        "submit-federal-response",
        "submit-clearance",
        "edit-comments",
        "submit-document",
        "submit-state-response",
        "create-draft",
        "edit-document",
        "edit-response",
        "view-document",
        "view-affiliations",
        "edit-affiliations",
        "approve-state-access",
      ],
      "wi": Array [
        "view-users",
        "view-roles",
        "submit-federal-response",
        "submit-clearance",
        "edit-comments",
        "submit-document",
        "submit-state-response",
        "create-draft",
        "edit-document",
        "edit-response",
        "view-document",
        "view-affiliations",
        "edit-affiliations",
        "approve-state-access",
      ],
      "wv": Array [
        "view-users",
        "view-roles",
        "submit-federal-response",
        "submit-clearance",
        "edit-comments",
        "submit-document",
        "submit-state-response",
        "create-draft",
        "edit-document",
        "edit-response",
        "view-document",
        "view-affiliations",
        "edit-affiliations",
        "approve-state-access",
      ],
      "wy": Array [
        "view-users",
        "view-roles",
        "submit-federal-response",
        "submit-clearance",
        "edit-comments",
        "submit-document",
        "submit-state-response",
        "create-draft",
        "edit-document",
        "edit-response",
        "view-document",
        "view-affiliations",
        "edit-affiliations",
        "approve-state-access",
      ],
    },
    "role": "eAPD Admin",
    "state": Object {
      "id": "ak",
      "medicaid_office": null,
      "name": "Alaska",
    },
    "states": Array [
      "ak",
      "al",
      "ar",
      "as",
      "az",
      "ca",
      "co",
      "ct",
      "dc",
      "de",
      "fl",
      "ga",
      "gu",
      "hi",
      "ia",
      "id",
      "il",
      "in",
      "ks",
      "ky",
      "la",
      "ma",
      "md",
      "me",
      "mi",
      "mn",
      "mo",
      "mp",
      "ms",
      "mt",
      "nc",
      "nd",
      "ne",
      "nh",
      "nj",
      "nm",
      "nv",
      "ny",
      "oh",
      "ok",
      "or",
      "pa",
      "pr",
      "ri",
      "sc",
      "sd",
      "tn",
      "tx",
      "ut",
      "va",
      "vi",
      "vt",
      "wa",
      "wi",
      "wv",
      "wy",
    ],
  },
  Object {
    "activities": Array [],
    "affiliations": Array [],
    "id": "all-permissions-and-state",
    "permissions": Object {},
    "states": Array [],
  },
  Object {
    "activities": Array [],
    "affiliations": Array [],
    "id": "all-permissions-no-state",
    "permissions": Object {},
    "states": Array [],
  },
  Object {
    "activities": Array [],
    "affiliations": Array [],
    "id": "no-permissions",
    "permissions": Object {},
    "states": Array [],
  },
]
`;

exports[`users endpoint users endpoint | GET /users/:userID when authenticated when requesting a non-existant user ID 1`] = `""`;

exports[`users endpoint users endpoint | GET /users/:userID when authenticated when requesting a valid user ID 1`] = `
Object {
  "activities": Array [],
  "affiliations": Array [],
  "id": "2000",
  "name": "All Permissions And State",
  "permissions": Object {},
  "states": Array [],
}
`;
