// Jest Snapshot v1, https://goo.gl/fbAQLP

exports[`activity Outcomes and Metrics component renders properly 1`] = `
<Subsection
  headerClassName={null}
  id="activity-outcomes-0"
  nested={false}
  resource="activities.outcomes.outcomesundefined"
>
  <hr
    className="subsection-rule"
  />
  <FormAndReviewList
    activityIndex={0}
    addButtonText="Add Outcome"
    allowDeleteAll={true}
    className={null}
    collapsed={[Function]}
    errorCheck={false}
    expanded={
      Object {
        "$$typeof": Symbol(react.forward_ref),
        "WrappedComponent": Object {
          "$$typeof": Symbol(react.forward_ref),
          "propTypes": Object {
            "activityIndex": [Function],
            "index": [Function],
            "item": [Function],
            "saveOutcome": [Function],
            "setFormValid": [Function],
          },
          "render": [Function],
        },
        "render": [Function],
      }
    }
    list={
      Array [
        Object {
          "key": "outcome 1",
        },
        Object {
          "key": "outcome 2",
        },
        Object {
          "key": "outcome 3",
        },
      ]
    }
    noDataMessage="[missing \\"en.activities.outcomes.noDataNotice\\" translation]"
    onAddClick={[Function]}
    onCancelClick={[Function]}
    onDeleteClick={[Function]}
  />
</Subsection>
`;
