// Jest Snapshot v1, https://goo.gl/fbAQLP

exports[`<ApdNew /> form with MMIS enabled selecting and filling out HITECH form should render all field options correctly 1`] = `
Array [
  <input
    apdname="years[0]"
    checked=""
    class="ds-c-choice"
    id="checkbox_years_107"
    name="years"
    type="checkbox"
    value="2023"
  />,
  <input
    apdname="years[1]"
    checked=""
    class="ds-c-choice"
    id="checkbox_years_108"
    name="years"
    type="checkbox"
    value="2024"
  />,
  <input
    apdname="years[2]"
    class="ds-c-choice"
    id="checkbox_years_109"
    name="years"
    type="checkbox"
    value="2025"
  />,
  <input
    class="ds-c-choice"
    id="checkbox_undefined_111"
    type="checkbox"
    value="annualUpdate"
  />,
  <input
    class="ds-c-choice"
    id="checkbox_undefined_112"
    type="checkbox"
    value="asNeededUpdate"
  />,
]
`;

exports[`<ApdNew /> form with MMIS enabled selecting and filling out MMIS form should render all field options correctly 1`] = `
Array [
  <input
    apdname="years[0]"
    checked=""
    class="ds-c-choice"
    id="checkbox_years_193"
    name="years"
    type="checkbox"
    value="2023"
  />,
  <input
    apdname="years[1]"
    checked=""
    class="ds-c-choice"
    id="checkbox_years_194"
    name="years"
    type="checkbox"
    value="2024"
  />,
  <input
    apdname="years[2]"
    class="ds-c-choice"
    id="checkbox_years_195"
    name="years"
    type="checkbox"
    value="2025"
  />,
  <input
    class="ds-c-choice"
    id="checkbox_undefined_200"
    type="checkbox"
    value="waiverSupportSystems"
  />,
  <input
    class="ds-c-choice"
    id="checkbox_undefined_201"
    type="checkbox"
    value="assetVerificationSystem"
  />,
  <input
    class="ds-c-choice"
    id="checkbox_undefined_202"
    type="checkbox"
    value="claimsProcessing"
  />,
  <input
    class="ds-c-choice"
    id="checkbox_undefined_203"
    type="checkbox"
    value="decisionSupportSystemDW"
  />,
  <input
    class="ds-c-choice"
    id="checkbox_undefined_204"
    type="checkbox"
    value="electronicVisitVerification"
  />,
  <input
    class="ds-c-choice"
    id="checkbox_undefined_205"
    type="checkbox"
    value="encounterProcessingSystemMCS"
  />,
  <input
    class="ds-c-choice"
    id="checkbox_undefined_206"
    type="checkbox"
    value="financialManagement"
  />,
  <input
    class="ds-c-choice"
    id="checkbox_undefined_207"
    type="checkbox"
    value="healthInformationExchange"
  />,
  <input
    class="ds-c-choice"
    id="checkbox_undefined_208"
    type="checkbox"
    value="longTermServicesSupports"
  />,
  <input
    class="ds-c-choice"
    id="checkbox_undefined_209"
    type="checkbox"
    value="memberManagement"
  />,
  <input
    class="ds-c-choice"
    id="checkbox_undefined_210"
    type="checkbox"
    value="pharmacyBenefitManagementPOS"
  />,
  <input
    class="ds-c-choice"
    id="checkbox_undefined_211"
    type="checkbox"
    value="programIntegrity"
  />,
  <input
    class="ds-c-choice"
    id="checkbox_undefined_212"
    type="checkbox"
    value="providerManagement"
  />,
  <input
    class="ds-c-choice"
    id="checkbox_undefined_213"
    type="checkbox"
    value="thirdPartyLiability"
  />,
  <input
    class="ds-c-choice"
    id="checkbox_undefined_214"
    type="checkbox"
    value="other"
  />,
]
`;
