// Jest Snapshot v1, https://goo.gl/fbAQLP

exports[`<ApdNew /> form with MMIS enabled selecting and filling out HITECH form should render all field options correctly 1`] = `
Array [
  <input
    apdname="years[0]"
    checked=""
    class="ds-c-choice"
    id="checkbox_years_125"
    name="years"
    type="checkbox"
    value="2023"
  />,
  <input
    apdname="years[1]"
    checked=""
    class="ds-c-choice"
    id="checkbox_years_126"
    name="years"
    type="checkbox"
    value="2024"
  />,
  <input
    apdname="years[2]"
    class="ds-c-choice"
    id="checkbox_years_127"
    name="years"
    type="checkbox"
    value="2025"
  />,
  <input
    class="ds-c-choice"
    id="checkbox_undefined_129"
    type="checkbox"
    value="annualUpdate"
  />,
  <input
    class="ds-c-choice"
    id="checkbox_undefined_130"
    type="checkbox"
    value="asNeededUpdate"
  />,
]
`;

exports[`<ApdNew /> form with MMIS enabled selecting and filling out MMIS form should render all field options correctly 1`] = `
Array [
  <input
    apdname="years[0]"
    checked=""
    class="ds-c-choice"
    id="checkbox_years_211"
    name="years"
    type="checkbox"
    value="2023"
  />,
  <input
    apdname="years[1]"
    checked=""
    class="ds-c-choice"
    id="checkbox_years_212"
    name="years"
    type="checkbox"
    value="2024"
  />,
  <input
    apdname="years[2]"
    class="ds-c-choice"
    id="checkbox_years_213"
    name="years"
    type="checkbox"
    value="2025"
  />,
  <input
    class="ds-c-choice"
    id="checkbox_undefined_218"
    type="checkbox"
    value="waiverSupportSystems"
  />,
  <input
    class="ds-c-choice"
    id="checkbox_undefined_219"
    type="checkbox"
    value="assetVerificationSystem"
  />,
  <input
    class="ds-c-choice"
    id="checkbox_undefined_220"
    type="checkbox"
    value="claimsProcessing"
  />,
  <input
    class="ds-c-choice"
    id="checkbox_undefined_221"
    type="checkbox"
    value="decisionSupportSystemDW"
  />,
  <input
    class="ds-c-choice"
    id="checkbox_undefined_222"
    type="checkbox"
    value="electronicVisitVerification"
  />,
  <input
    class="ds-c-choice"
    id="checkbox_undefined_223"
    type="checkbox"
    value="encounterProcessingSystemMCS"
  />,
  <input
    class="ds-c-choice"
    id="checkbox_undefined_224"
    type="checkbox"
    value="financialManagement"
  />,
  <input
    class="ds-c-choice"
    id="checkbox_undefined_225"
    type="checkbox"
    value="healthInformationExchange"
  />,
  <input
    class="ds-c-choice"
    id="checkbox_undefined_226"
    type="checkbox"
    value="longTermServicesSupports"
  />,
  <input
    class="ds-c-choice"
    id="checkbox_undefined_227"
    type="checkbox"
    value="memberManagement"
  />,
  <input
    class="ds-c-choice"
    id="checkbox_undefined_228"
    type="checkbox"
    value="pharmacyBenefitManagementPOS"
  />,
  <input
    class="ds-c-choice"
    id="checkbox_undefined_229"
    type="checkbox"
    value="programIntegrity"
  />,
  <input
    class="ds-c-choice"
    id="checkbox_undefined_230"
    type="checkbox"
    value="providerManagement"
  />,
  <input
    class="ds-c-choice"
    id="checkbox_undefined_231"
    type="checkbox"
    value="thirdPartyLiability"
  />,
  <input
    class="ds-c-choice"
    id="checkbox_undefined_232"
    type="checkbox"
    value="other"
  />,
]
`;
