// Jest Snapshot v1, https://goo.gl/fbAQLP

exports[`files endpoint | DELETE /files/contractor/:contractorID/:fileID when authenticated valid contractor ID 1`] = `""`;

exports[`files endpoint | DELETE /files/contractor/:contractorID/:fileID when authenticated with a contractor ID in an APD the user cannot access 1`] = `""`;

exports[`files endpoint | DELETE /files/contractor/:contractorID/:fileID when authenticated with an invalid contractor ID 1`] = `""`;
