// Jest Snapshot v1, https://goo.gl/fbAQLP

exports[`<OtherFunding /> renders correctly 1`] = `
<Fragment>
  <h2
    className="ds-u-margin-bottom--0"
  >
    Other Funding
  </h2>
  <div
    key="1066"
  >
    <h3
      className="heading-ffy ds-u-padding-top--4"
    >
      <span>
        FFY 
        1066
      </span>
    </h3>
    <div
      className="data-entry-box"
    >
      <Instruction
        args={null}
        headingDisplay={
          Object {
            "className": "ds-h5",
            "level": "h6",
          }
        }
        labelFor="cost-allocation-narrative-1066-other-sources-field"
        reverse={false}
        source="activities.otherFunding.description.instruction"
      />
      <Connect(RichText)
        content="other funding for FFY 1066"
        editorClassName="rte-textarea-l"
        id="cost-allocation-narrative-1066-other-sources-field"
        iframe_aria_text="Other Funding Description Text Area"
        onSync={[Function]}
      />
    </div>
    <div
      className="data-entry-box ds-u-margin-bottom--5"
    >
      <Instruction
        args={null}
        headingDisplay={
          Object {
            "className": "ds-h5",
            "level": "h6",
          }
        }
        labelFor={null}
        reverse={false}
        source="activities.otherFunding.amount.instruction"
      />
      <DollarField
        label="FFY 1066"
        labelClassName="sr-only"
        name="ffy-1066"
        onChange={[Function]}
        value={1235}
      />
    </div>
    <table
      className="budget-table activity-budget-table"
    >
      <tbody>
        <tr
          className="budget-table--subtotal budget-table--row__header"
        >
          <th
            colSpan="2"
          >
            Activity Total Cost
          </th>
          <td
            className="budget-table--number"
          >
            <Dollars>
              5459076
            </Dollars>
          </td>
        </tr>
        <tr>
          <td
            className="title"
          >
            Other Funding
          </td>
          <td>
            -
          </td>
          <td
            className="budget-table--number"
          >
            <Dollars>
              4322
            </Dollars>
          </td>
        </tr>
        <tr
          className="budget-table--subtotal budget-table--row__highlight"
        >
          <td
            className="title"
          >
            Total Computable Medicaid Cost
          </td>
          <td
            className="budget-table--number"
            colSpan="2"
          >
            <Dollars>
              3450509
            </Dollars>
          </td>
        </tr>
      </tbody>
    </table>
  </div>
  <div
    key="1067"
  >
    <h3
      className="heading-ffy ds-u-padding-top--4"
    >
      <span>
        FFY 
        1067
      </span>
    </h3>
    <div
      className="data-entry-box"
    >
      <Instruction
        args={null}
        headingDisplay={
          Object {
            "className": "ds-h5",
            "level": "h6",
          }
        }
        labelFor="cost-allocation-narrative-1067-other-sources-field"
        reverse={false}
        source="activities.otherFunding.description.instruction"
      />
      <Connect(RichText)
        content="other funding for FFY 1067"
        editorClassName="rte-textarea-l"
        id="cost-allocation-narrative-1067-other-sources-field"
        iframe_aria_text="Other Funding Description Text Area"
        onSync={[Function]}
      />
    </div>
    <div
      className="data-entry-box ds-u-margin-bottom--5"
    >
      <Instruction
        args={null}
        headingDisplay={
          Object {
            "className": "ds-h5",
            "level": "h6",
          }
        }
        labelFor={null}
        reverse={false}
        source="activities.otherFunding.amount.instruction"
      />
      <DollarField
        label="FFY 1067"
        labelClassName="sr-only"
        name="ffy-1067"
        onChange={[Function]}
        value={1234}
      />
    </div>
    <table
      className="budget-table activity-budget-table"
    >
      <tbody>
        <tr
          className="budget-table--subtotal budget-table--row__header"
        >
          <th
            colSpan="2"
          >
            Activity Total Cost
          </th>
          <td
            className="budget-table--number"
          >
            <Dollars>
              5459077
            </Dollars>
          </td>
        </tr>
        <tr>
          <td
            className="title"
          >
            Other Funding
          </td>
          <td>
            -
          </td>
          <td
            className="budget-table--number"
          >
            <Dollars>
              4323
            </Dollars>
          </td>
        </tr>
        <tr
          className="budget-table--subtotal budget-table--row__highlight"
        >
          <td
            className="title"
          >
            Total Computable Medicaid Cost
          </td>
          <td
            className="budget-table--number"
            colSpan="2"
          >
            <Dollars>
              3450510
            </Dollars>
          </td>
        </tr>
      </tbody>
    </table>
  </div>
</Fragment>
`;
