// Jest Snapshot v1, https://goo.gl/fbAQLP

exports[`the activity name and funding source component renders correctly 1`] = `
<Fragment>
  <TextField
    className="remove-clearfix"
    label="Activity name"
    name="activity-name"
    onChange={[Function]}
    type="text"
    value="Buying bikes for Huey, Dewey, and Louie"
  />
  <ChoiceList
    choices={
      Array [
        Object {
          "checked": false,
          "label": "HIT",
          "value": "HIT",
        },
        Object {
          "checked": false,
          "label": "HIE",
          "value": "HIE",
        },
        Object {
          "checked": false,
          "label": "MMIS",
          "value": "MMIS",
        },
      ]
    }
    label="Program type"
    labelClassName="ds-u-margin-bottom--1"
    name="program-type"
    onChange={[Function]}
    type="radio"
  />
</Fragment>
`;
