// Jest Snapshot v1, https://goo.gl/fbAQLP

exports[`the activity name and funding source component renders correctly 1`] = `
<Fragment>
  <TextField
    autoFocus={true}
    label="Activity Name"
    name="activity-name"
    onChange={[Function]}
    type="text"
    value="Buying bikes for Huey, Dewey, and Louie"
  />
</Fragment>
`;
