// Jest Snapshot v1, https://goo.gl/fbAQLP

exports[`the Activities component renders correctly 1`] = `
<Section
  id="activities"
  resource="activities"
>
  <h3
    className="subsection--title ds-h3"
  >
    3
     program activities
  </h3>
  <Connect(EntryDetails)
    activityIndex={0}
    key="key1"
  />
  <Connect(EntryDetails)
    activityIndex={1}
    key="key2"
  />
  <Connect(EntryDetails)
    activityIndex={2}
    key="key3"
  />
  <Button
    className="ds-u-margin-top--4"
    component="button"
    onClick={[Function]}
    type="button"
  >
    Add another activity
  </Button>
</Section>
`;
