// Jest Snapshot v1, https://goo.gl/fbAQLP

exports[`the CostAllocate component renders correctly 1`] = `
ShallowWrapper {
  Symbol(enzyme.__root__): [Circular],
  Symbol(enzyme.__unrendered__): <CostAllocate
    activity={
      Object {
        "costAllocationDesc": "cost allocation",
        "key": "activity key",
        "otherFundingDesc": "other funding",
      }
    }
    updateActivity={[Function]}
    years={
      Array [
        "1066",
        "1067",
      ]
    }
  />,
  Symbol(enzyme.__renderer__): Object {
    "batchedUpdates": [Function],
    "checkPropTypes": [Function],
    "getNode": [Function],
    "render": [Function],
    "simulateError": [Function],
    "simulateEvent": [Function],
    "unmount": [Function],
  },
  Symbol(enzyme.__node__): Object {
    "instance": null,
    "key": undefined,
    "nodeType": "function",
    "props": Object {
      "children": Array [
        <div
          className="mb3"
        >
          <div
            className="mb-tiny bold"
          >
            Description of cost allocation methodology
          </div>
          <Instruction
            args={null}
            reverse={false}
            source="activities.costAllocate.methodology.instruction"
          />
          <RichText
            content="cost allocation"
            editorClassName="rte-textarea-l"
            onSync={[Function]}
          />
        </div>,
        <Connect(CostAllocateFFP)
          aKey="activity key"
        />,
        <div
          className="mb3"
        >
          <div
            className="mb-tiny bold"
          >
            Breakout of federal share by quarter
          </div>
          <Instruction
            args={null}
            reverse={false}
            source="activities.costAllocate.quarterly.instruction"
          />
          <Connect(CostAllocateFFPQuarterly)
            aKey="activity key"
          />
        </div>,
        <div
          className="mb3"
        >
          <div
            className="mb-tiny bold"
          >
            Other funding description
          </div>
          <Instruction
            args={null}
            reverse={false}
            source="activities.costAllocate.otherFunding.instruction"
          />
          <RichText
            content="other funding"
            editorClassName="rte-textarea-l"
            onSync={[Function]}
          />
        </div>,
      ],
      "id": null,
      "nested": true,
      "open": false,
      "resource": "activities.costAllocate",
    },
    "ref": null,
    "rendered": Array [
      Object {
        "instance": null,
        "key": undefined,
        "nodeType": "host",
        "props": Object {
          "children": Array [
            <div
              className="mb-tiny bold"
            >
              Description of cost allocation methodology
            </div>,
            <Instruction
              args={null}
              reverse={false}
              source="activities.costAllocate.methodology.instruction"
            />,
            <RichText
              content="cost allocation"
              editorClassName="rte-textarea-l"
              onSync={[Function]}
            />,
          ],
          "className": "mb3",
        },
        "ref": null,
        "rendered": Array [
          Object {
            "instance": null,
            "key": undefined,
            "nodeType": "host",
            "props": Object {
              "children": "Description of cost allocation methodology",
              "className": "mb-tiny bold",
            },
            "ref": null,
            "rendered": "Description of cost allocation methodology",
            "type": "div",
          },
          Object {
            "instance": null,
            "key": undefined,
            "nodeType": "function",
            "props": Object {
              "args": null,
              "reverse": false,
              "source": "activities.costAllocate.methodology.instruction",
            },
            "ref": null,
            "rendered": null,
            "type": [Function],
          },
          Object {
            "instance": null,
            "key": undefined,
            "nodeType": "class",
            "props": Object {
              "content": "cost allocation",
              "editorClassName": "rte-textarea-l",
              "onSync": [Function],
            },
            "ref": null,
            "rendered": null,
            "type": [Function],
          },
        ],
        "type": "div",
      },
      Object {
        "instance": null,
        "key": undefined,
        "nodeType": "class",
        "props": Object {
          "aKey": "activity key",
        },
        "ref": null,
        "rendered": null,
        "type": [Function],
      },
      Object {
        "instance": null,
        "key": undefined,
        "nodeType": "host",
        "props": Object {
          "children": Array [
            <div
              className="mb-tiny bold"
            >
              Breakout of federal share by quarter
            </div>,
            <Instruction
              args={null}
              reverse={false}
              source="activities.costAllocate.quarterly.instruction"
            />,
            <Connect(CostAllocateFFPQuarterly)
              aKey="activity key"
            />,
          ],
          "className": "mb3",
        },
        "ref": null,
        "rendered": Array [
          Object {
            "instance": null,
            "key": undefined,
            "nodeType": "host",
            "props": Object {
              "children": "Breakout of federal share by quarter",
              "className": "mb-tiny bold",
            },
            "ref": null,
            "rendered": "Breakout of federal share by quarter",
            "type": "div",
          },
          Object {
            "instance": null,
            "key": undefined,
            "nodeType": "function",
            "props": Object {
              "args": null,
              "reverse": false,
              "source": "activities.costAllocate.quarterly.instruction",
            },
            "ref": null,
            "rendered": null,
            "type": [Function],
          },
          Object {
            "instance": null,
            "key": undefined,
            "nodeType": "class",
            "props": Object {
              "aKey": "activity key",
            },
            "ref": null,
            "rendered": null,
            "type": [Function],
          },
        ],
        "type": "div",
      },
      Object {
        "instance": null,
        "key": undefined,
        "nodeType": "host",
        "props": Object {
          "children": Array [
            <div
              className="mb-tiny bold"
            >
              Other funding description
            </div>,
            <Instruction
              args={null}
              reverse={false}
              source="activities.costAllocate.otherFunding.instruction"
            />,
            <RichText
              content="other funding"
              editorClassName="rte-textarea-l"
              onSync={[Function]}
            />,
          ],
          "className": "mb3",
        },
        "ref": null,
        "rendered": Array [
          Object {
            "instance": null,
            "key": undefined,
            "nodeType": "host",
            "props": Object {
              "children": "Other funding description",
              "className": "mb-tiny bold",
            },
            "ref": null,
            "rendered": "Other funding description",
            "type": "div",
          },
          Object {
            "instance": null,
            "key": undefined,
            "nodeType": "function",
            "props": Object {
              "args": null,
              "reverse": false,
              "source": "activities.costAllocate.otherFunding.instruction",
            },
            "ref": null,
            "rendered": null,
            "type": [Function],
          },
          Object {
            "instance": null,
            "key": undefined,
            "nodeType": "class",
            "props": Object {
              "content": "other funding",
              "editorClassName": "rte-textarea-l",
              "onSync": [Function],
            },
            "ref": null,
            "rendered": null,
            "type": [Function],
          },
        ],
        "type": "div",
      },
    ],
    "type": [Function],
  },
  Symbol(enzyme.__nodes__): Array [
    Object {
      "instance": null,
      "key": undefined,
      "nodeType": "function",
      "props": Object {
        "children": Array [
          <div
            className="mb3"
          >
            <div
              className="mb-tiny bold"
            >
              Description of cost allocation methodology
            </div>
            <Instruction
              args={null}
              reverse={false}
              source="activities.costAllocate.methodology.instruction"
            />
            <RichText
              content="cost allocation"
              editorClassName="rte-textarea-l"
              onSync={[Function]}
            />
          </div>,
          <Connect(CostAllocateFFP)
            aKey="activity key"
          />,
          <div
            className="mb3"
          >
            <div
              className="mb-tiny bold"
            >
              Breakout of federal share by quarter
            </div>
            <Instruction
              args={null}
              reverse={false}
              source="activities.costAllocate.quarterly.instruction"
            />
            <Connect(CostAllocateFFPQuarterly)
              aKey="activity key"
            />
          </div>,
          <div
            className="mb3"
          >
            <div
              className="mb-tiny bold"
            >
              Other funding description
            </div>
            <Instruction
              args={null}
              reverse={false}
              source="activities.costAllocate.otherFunding.instruction"
            />
            <RichText
              content="other funding"
              editorClassName="rte-textarea-l"
              onSync={[Function]}
            />
          </div>,
        ],
        "id": null,
        "nested": true,
        "open": false,
        "resource": "activities.costAllocate",
      },
      "ref": null,
      "rendered": Array [
        Object {
          "instance": null,
          "key": undefined,
          "nodeType": "host",
          "props": Object {
            "children": Array [
              <div
                className="mb-tiny bold"
              >
                Description of cost allocation methodology
              </div>,
              <Instruction
                args={null}
                reverse={false}
                source="activities.costAllocate.methodology.instruction"
              />,
              <RichText
                content="cost allocation"
                editorClassName="rte-textarea-l"
                onSync={[Function]}
              />,
            ],
            "className": "mb3",
          },
          "ref": null,
          "rendered": Array [
            Object {
              "instance": null,
              "key": undefined,
              "nodeType": "host",
              "props": Object {
                "children": "Description of cost allocation methodology",
                "className": "mb-tiny bold",
              },
              "ref": null,
              "rendered": "Description of cost allocation methodology",
              "type": "div",
            },
            Object {
              "instance": null,
              "key": undefined,
              "nodeType": "function",
              "props": Object {
                "args": null,
                "reverse": false,
                "source": "activities.costAllocate.methodology.instruction",
              },
              "ref": null,
              "rendered": null,
              "type": [Function],
            },
            Object {
              "instance": null,
              "key": undefined,
              "nodeType": "class",
              "props": Object {
                "content": "cost allocation",
                "editorClassName": "rte-textarea-l",
                "onSync": [Function],
              },
              "ref": null,
              "rendered": null,
              "type": [Function],
            },
          ],
          "type": "div",
        },
        Object {
          "instance": null,
          "key": undefined,
          "nodeType": "class",
          "props": Object {
            "aKey": "activity key",
          },
          "ref": null,
          "rendered": null,
          "type": [Function],
        },
        Object {
          "instance": null,
          "key": undefined,
          "nodeType": "host",
          "props": Object {
            "children": Array [
              <div
                className="mb-tiny bold"
              >
                Breakout of federal share by quarter
              </div>,
              <Instruction
                args={null}
                reverse={false}
                source="activities.costAllocate.quarterly.instruction"
              />,
              <Connect(CostAllocateFFPQuarterly)
                aKey="activity key"
              />,
            ],
            "className": "mb3",
          },
          "ref": null,
          "rendered": Array [
            Object {
              "instance": null,
              "key": undefined,
              "nodeType": "host",
              "props": Object {
                "children": "Breakout of federal share by quarter",
                "className": "mb-tiny bold",
              },
              "ref": null,
              "rendered": "Breakout of federal share by quarter",
              "type": "div",
            },
            Object {
              "instance": null,
              "key": undefined,
              "nodeType": "function",
              "props": Object {
                "args": null,
                "reverse": false,
                "source": "activities.costAllocate.quarterly.instruction",
              },
              "ref": null,
              "rendered": null,
              "type": [Function],
            },
            Object {
              "instance": null,
              "key": undefined,
              "nodeType": "class",
              "props": Object {
                "aKey": "activity key",
              },
              "ref": null,
              "rendered": null,
              "type": [Function],
            },
          ],
          "type": "div",
        },
        Object {
          "instance": null,
          "key": undefined,
          "nodeType": "host",
          "props": Object {
            "children": Array [
              <div
                className="mb-tiny bold"
              >
                Other funding description
              </div>,
              <Instruction
                args={null}
                reverse={false}
                source="activities.costAllocate.otherFunding.instruction"
              />,
              <RichText
                content="other funding"
                editorClassName="rte-textarea-l"
                onSync={[Function]}
              />,
            ],
            "className": "mb3",
          },
          "ref": null,
          "rendered": Array [
            Object {
              "instance": null,
              "key": undefined,
              "nodeType": "host",
              "props": Object {
                "children": "Other funding description",
                "className": "mb-tiny bold",
              },
              "ref": null,
              "rendered": "Other funding description",
              "type": "div",
            },
            Object {
              "instance": null,
              "key": undefined,
              "nodeType": "function",
              "props": Object {
                "args": null,
                "reverse": false,
                "source": "activities.costAllocate.otherFunding.instruction",
              },
              "ref": null,
              "rendered": null,
              "type": [Function],
            },
            Object {
              "instance": null,
              "key": undefined,
              "nodeType": "class",
              "props": Object {
                "content": "other funding",
                "editorClassName": "rte-textarea-l",
                "onSync": [Function],
              },
              "ref": null,
              "rendered": null,
              "type": [Function],
            },
          ],
          "type": "div",
        },
      ],
      "type": [Function],
    },
  ],
  Symbol(enzyme.__options__): Object {
    "adapter": ReactSixteenAdapter {
      "options": Object {
        "enableComponentDidUpdateOnSetState": true,
        "legacyContextMode": "parent",
        "lifecycles": Object {
          "componentDidUpdate": Object {
            "onSetState": true,
          },
          "getChildContext": Object {
            "calledByRenderer": false,
          },
          "getDerivedStateFromProps": true,
          "getSnapshotBeforeUpdate": true,
          "setState": Object {
            "skipsComponentDidUpdateOnNullish": true,
          },
        },
      },
    },
  },
}
`;
