// Jest Snapshot v1, https://goo.gl/fbAQLP

exports[`the Schedule (milestones) component renders correctly 1`] = `
<Subsection
  headerClassName={null}
  id={null}
  nested={true}
  resource="activities.schedule"
>
  <div
    className="ds-u-padding-y--0 visibility--screen"
  >
    <DateField
      label="Planned start date"
      onChange={[Function]}
      value="1944-10-02"
    />
    <DateField
      label="Planned end date"
      onChange={[Function]}
      value="1944-11-08"
    />
  </div>
  <div
    className="visibility--print"
  >
    <p>
      <strong>
        Planned start date:
      </strong>
       
      10/2/1944
    </p>
    <p>
      <strong>
        Planned end date:
      </strong>
       
      11/8/1944
    </p>
    <hr />
  </div>
  <div
    className="mb3"
  >
    <Instruction
      args={null}
      headingDisplay={
        Object {
          "className": "ds-h5",
          "level": "h6",
        }
      }
      reverse={false}
      source="activities.schedule.milestone.instruction"
    />
    <hr />
    <FormAndReviewList
      activityIndex={7}
      addButtonText="Add another milestone"
      allowDeleteAll={false}
      className={null}
      collapsed={[Function]}
      expanded={
        Object {
          "$$typeof": Symbol(react.memo),
          "WrappedComponent": [Function],
          "compare": null,
          "displayName": "Connect(MilestoneForm)",
          "type": [Function],
        }
      }
      list={
        Array [
          Object {
            "endDate": "1945-05-05",
            "key": "milestone 1",
            "milestone": "Liberation Day",
          },
        ]
      }
      noDataMessage="Add milestones for this activity."
      onAddClick={[Function]}
      onDeleteClick={[Function]}
    />
  </div>
</Subsection>
`;
